{
  "directory": "tests/templates/jsonschema",
  "answers": {
    "database_config": {
      "engine": "postgresql",
      "host": "localhost",
      "port": 5432
    }
  }
}