{
  "directory": "examples/import",
  "answers": {
    "database_config": {
      "engine": "redis",
      "host": "localhost",
      "port": 6379
    }
  }
}