{
  "directory": "examples/import_directory",
  "answers": {}
}