{
  "directory": "tests/templates/different_template_suffix",
  "answers": {
    "message": "world!"
  }
}