{
  "directory": "examples/filters",
  "answers": {
    "project_name": "project name is filters"
  }
}