Post hook executed successfully!
Username: testuser
Project type: web
