{
  "directory": "tests/templates/jsonschema",
  "answers": {
    "database_config": {
      "engine": "redis",
      "host": "localhost",
      "port": 6379
    }
  }
}