{
  "directory": "examples/demo",
  "answers": {
    "project_author": "demo",
    "project_name": "demo",
    "project_slug": "demo",
    "use_tests": true
  }
}